// Jest Snapshot v1, https://goo.gl/fbAQLP

exports[`Test Utils Functionality test Should be able to print all fastify plugins nicely 1`] = `
"bound root 
├── bound _after 
├─┬ childFunc 
│ ├── ezbErrorPage 
│ ├─┬ childFunc 
│ │ ├─┬ childFunc 
│ │ │ ├── bound _after 
│ │ │ ├── bound _after 
│ │ │ ├── bound _after 
│ │ │ ├── bound _after 
│ │ │ └── bound _after 
│ │ └── childFunc 
│ ├─┬ childFunc 
│ │ ├─┬ childFunc 
│ │ │ ├── bound _after 
│ │ │ ├── bound _after 
│ │ │ ├── bound _after 
│ │ │ ├── bound _after 
│ │ │ └── bound _after 
│ │ └── childFunc 
│ ├─┬ childFunc 
│ │ ├─┬ childFunc 
│ │ │ ├── bound _after 
│ │ │ ├── bound _after 
│ │ │ ├── bound _after 
│ │ │ ├── bound _after 
│ │ │ └── bound _after 
│ │ └── childFunc 
│ ├─┬ childFunc 
│ │ ├─┬ childFunc 
│ │ │ ├── bound _after 
│ │ │ ├── bound _after 
│ │ │ ├── bound _after 
│ │ │ ├── bound _after 
│ │ │ └── bound _after 
│ │ └── childFunc 
│ ├─┬ childFunc 
│ │ ├─┬ childFunc 
│ │ │ ├── bound _after 
│ │ │ ├── bound _after 
│ │ │ ├── bound _after 
│ │ │ ├── bound _after 
│ │ │ └── bound _after 
│ │ └── childFunc 
│ ├─┬ childFunc 
│ │ ├─┬ childFunc 
│ │ │ ├── bound _after 
│ │ │ ├── bound _after 
│ │ │ ├── bound _after 
│ │ │ ├── bound _after 
│ │ │ └── bound _after 
│ │ └── childFunc 
│ ├─┬ childFunc 
│ │ ├─┬ childFunc 
│ │ │ ├── bound _after 
│ │ │ ├── bound _after 
│ │ │ ├── bound _after 
│ │ │ ├── bound _after 
│ │ │ └── bound _after 
│ │ └── childFunc 
│ ├─┬ childFunc 
│ │ ├─┬ childFunc 
│ │ │ ├── bound _after 
│ │ │ ├── bound _after 
│ │ │ ├── bound _after 
│ │ │ ├── bound _after 
│ │ │ └── bound _after 
│ │ └── childFunc 
│ ├─┬ childFunc 
│ │ ├─┬ childFunc 
│ │ │ ├── bound _after 
│ │ │ ├── bound _after 
│ │ │ ├── bound _after 
│ │ │ ├── bound _after 
│ │ │ └── bound _after 
│ │ └── childFunc 
│ └─┬ childFunc 
│   ├─┬ childFunc 
│   │ ├── bound _after 
│   │ ├── bound _after 
│   │ ├── bound _after 
│   │ ├── bound _after 
│   │ └── bound _after 
│   └── childFunc 
├─┬ plugin 
│ ├── bound _after 
│ └── bound _after 
└── bound _after 
"
`;

exports[`Test Utils Functionality test Should be able to print routes 1`] = `
"└── /
    ├── Sample (POST)
    │   Sample (GET)
    │   ├── Nullable (POST)
    │   │   Nullable (GET)
    │   │   └── / (POST)
    │   │       / (GET)
    │   │       └── :id (GET)
    │   │           :id (PATCH)
    │   │           :id (DELETE)
    │   ├── / (POST)
    │   │   / (GET)
    │   │   └── :id (GET)
    │   │       :id (PATCH)
    │   │       :id (DELETE)
    │   └── Unique (POST)
    │       Unique (GET)
    │       └── / (POST)
    │           / (GET)
    │           └── :id (GET)
    │               :id (PATCH)
    │               :id (DELETE)
    ├── User (POST)
    │   User (GET)
    │   ├── 2 (POST)
    │   │   2 (GET)
    │   │   └── / (POST)
    │   │       / (GET)
    │   │       └── :id (GET)
    │   │           :id (PATCH)
    │   │           :id (DELETE)
    │   └── / (POST)
    │       / (GET)
    │       └── :id (GET)
    │           :id (PATCH)
    │           :id (DELETE)
    ├── NoCascade
    │   ├── User (POST)
    │   │   User (GET)
    │   │   └── / (POST)
    │   │       / (GET)
    │   │       └── :id (GET)
    │   │           :id (PATCH)
    │   │           :id (DELETE)
    │   └── Program (POST)
    │       Program (GET)
    │       └── / (POST)
    │           / (GET)
    │           └── :id (GET)
    │               :id (PATCH)
    │               :id (DELETE)
    ├── Detail (POST)
    │   Detail (GET)
    │   └── / (POST)
    │       / (GET)
    │       └── :id (GET)
    │           :id (PATCH)
    │           :id (DELETE)
    └── Program (POST)
        Program (GET)
        ├── 2 (POST)
        │   2 (GET)
        │   └── / (POST)
        │       / (GET)
        │       └── :id (GET)
        │           :id (PATCH)
        │           :id (DELETE)
        └── / (POST)
            / (GET)
            └── :id (GET)
                :id (PATCH)
                :id (DELETE)
"
`;

exports[`Test Utils Functionality test Should be able to print the plugin tree for debugging 1`] = `
"bound root 
├─┬ _init 
│ ├── Create Entities Container 
│ ├── Manage Event Subscriptions 
│ ├─┬ UnnamedApp1 
│ │ ├── Create \\"SampleNullable\\" Entity 
│ │ └─┬ rules 
│ │   └── Add Rules Subscriber 
│ ├─┬ UnnamedApp2 
│ │ ├── Create \\"user\\" Entity 
│ │ └─┬ rules 
│ │   └── Add Rules Subscriber 
│ ├─┬ UnnamedApp3 
│ │ ├── Create \\"noCascadeUser\\" Entity 
│ │ └─┬ rules 
│ │   └── Add Rules Subscriber 
│ ├─┬ UnnamedApp4 
│ │ ├── Create \\"detail\\" Entity 
│ │ └─┬ rules 
│ │   └── Add Rules Subscriber 
│ ├─┬ UnnamedApp5 
│ │ ├── Create \\"noCascadeProgram\\" Entity 
│ │ └─┬ rules 
│ │   └── Add Rules Subscriber 
│ ├─┬ UnnamedApp6 
│ │ ├── Create \\"program\\" Entity 
│ │ └─┬ rules 
│ │   └── Add Rules Subscriber 
│ ├─┬ UnnamedApp7 
│ │ ├── Create \\"sample\\" Entity 
│ │ └─┬ rules 
│ │   └── Add Rules Subscriber 
│ ├─┬ UnnamedApp8 
│ │ ├── Create \\"SampleUnique\\" Entity 
│ │ └─┬ rules 
│ │   └── Add Rules Subscriber 
│ ├─┬ UnnamedApp9 
│ │ ├── Create \\"User2\\" Entity 
│ │ └─┬ rules 
│ │   └── Add Rules Subscriber 
│ └─┬ UnnamedApp10 
│   ├── Create \\"Program2\\" Entity 
│   └─┬ rules 
│     └── Add Rules Subscriber 
├─┬ _postInit 
│ ├── Create Database Connection 
│ ├─┬ UnnamedApp1 
│ │ └── Obtain SampleNullable Repository 
│ ├─┬ UnnamedApp2 
│ │ └── Obtain user Repository 
│ ├─┬ UnnamedApp3 
│ │ └── Obtain noCascadeUser Repository 
│ ├─┬ UnnamedApp4 
│ │ └── Obtain detail Repository 
│ ├─┬ UnnamedApp5 
│ │ └── Obtain noCascadeProgram Repository 
│ ├─┬ UnnamedApp6 
│ │ └── Obtain program Repository 
│ ├─┬ UnnamedApp7 
│ │ └── Obtain sample Repository 
│ ├─┬ UnnamedApp8 
│ │ └── Obtain SampleUnique Repository 
│ ├─┬ UnnamedApp9 
│ │ └── Obtain User2 Repository 
│ └─┬ UnnamedApp10 
│   └── Obtain Program2 Repository 
├─┬ _handler 
│ ├── Create Server Stub 
│ ├── Add Fastify Boom 
│ ├── Add SocketIO 
│ ├── Add Error Schema 
│ ├─┬ UnnamedApp1 
│ │ ├── Create Server Stub 
│ │ ├─┬ router 
│ │ │ ├── Create Server Stub 
│ │ │ ├── Add Create Schema 
│ │ │ ├── Add Update Schema 
│ │ │ ├── Add Full Schema 
│ │ │ ├── Generate createOne route 
│ │ │ ├── Generate getOne route 
│ │ │ ├── Generate getAll route 
│ │ │ ├── Generate updateOne route 
│ │ │ └── Generate deleteOne route 
│ │ └─┬ rules 
│ │   └── Create Server Stub 
│ ├─┬ UnnamedApp2 
│ │ ├── Create Server Stub 
│ │ ├─┬ router 
│ │ │ ├── Create Server Stub 
│ │ │ ├── Add Create Schema 
│ │ │ ├── Add Update Schema 
│ │ │ ├── Add Full Schema 
│ │ │ ├── Generate createOne route 
│ │ │ ├── Generate getOne route 
│ │ │ ├── Generate getAll route 
│ │ │ ├── Generate updateOne route 
│ │ │ └── Generate deleteOne route 
│ │ └─┬ rules 
│ │   └── Create Server Stub 
│ ├─┬ UnnamedApp3 
│ │ ├── Create Server Stub 
│ │ ├─┬ router 
│ │ │ ├── Create Server Stub 
│ │ │ ├── Add Create Schema 
│ │ │ ├── Add Update Schema 
│ │ │ ├── Add Full Schema 
│ │ │ ├── Generate createOne route 
│ │ │ ├── Generate getOne route 
│ │ │ ├── Generate getAll route 
│ │ │ ├── Generate updateOne route 
│ │ │ └── Generate deleteOne route 
│ │ └─┬ rules 
│ │   └── Create Server Stub 
│ ├─┬ UnnamedApp4 
│ │ ├── Create Server Stub 
│ │ ├─┬ router 
│ │ │ ├── Create Server Stub 
│ │ │ ├── Add Create Schema 
│ │ │ ├── Add Update Schema 
│ │ │ ├── Add Full Schema 
│ │ │ ├── Generate createOne route 
│ │ │ ├── Generate getOne route 
│ │ │ ├── Generate getAll route 
│ │ │ ├── Generate updateOne route 
│ │ │ └── Generate deleteOne route 
│ │ └─┬ rules 
│ │   └── Create Server Stub 
│ ├─┬ UnnamedApp5 
│ │ ├── Create Server Stub 
│ │ ├─┬ router 
│ │ │ ├── Create Server Stub 
│ │ │ ├── Add Create Schema 
│ │ │ ├── Add Update Schema 
│ │ │ ├── Add Full Schema 
│ │ │ ├── Generate createOne route 
│ │ │ ├── Generate getOne route 
│ │ │ ├── Generate getAll route 
│ │ │ ├── Generate updateOne route 
│ │ │ └── Generate deleteOne route 
│ │ └─┬ rules 
│ │   └── Create Server Stub 
│ ├─┬ UnnamedApp6 
│ │ ├── Create Server Stub 
│ │ ├─┬ router 
│ │ │ ├── Create Server Stub 
│ │ │ ├── Add Create Schema 
│ │ │ ├── Add Update Schema 
│ │ │ ├── Add Full Schema 
│ │ │ ├── Generate createOne route 
│ │ │ ├── Generate getOne route 
│ │ │ ├── Generate getAll route 
│ │ │ ├── Generate updateOne route 
│ │ │ └── Generate deleteOne route 
│ │ └─┬ rules 
│ │   └── Create Server Stub 
│ ├─┬ UnnamedApp7 
│ │ ├── Create Server Stub 
│ │ ├─┬ router 
│ │ │ ├── Create Server Stub 
│ │ │ ├── Add Create Schema 
│ │ │ ├── Add Update Schema 
│ │ │ ├── Add Full Schema 
│ │ │ ├── Generate createOne route 
│ │ │ ├── Generate getOne route 
│ │ │ ├── Generate getAll route 
│ │ │ ├── Generate updateOne route 
│ │ │ └── Generate deleteOne route 
│ │ └─┬ rules 
│ │   └── Create Server Stub 
│ ├─┬ UnnamedApp8 
│ │ ├── Create Server Stub 
│ │ ├─┬ router 
│ │ │ ├── Create Server Stub 
│ │ │ ├── Add Create Schema 
│ │ │ ├── Add Update Schema 
│ │ │ ├── Add Full Schema 
│ │ │ ├── Generate createOne route 
│ │ │ ├── Generate getOne route 
│ │ │ ├── Generate getAll route 
│ │ │ ├── Generate updateOne route 
│ │ │ └── Generate deleteOne route 
│ │ └─┬ rules 
│ │   └── Create Server Stub 
│ ├─┬ UnnamedApp9 
│ │ ├── Create Server Stub 
│ │ ├─┬ router 
│ │ │ ├── Create Server Stub 
│ │ │ ├── Add Create Schema 
│ │ │ ├── Add Update Schema 
│ │ │ ├── Add Full Schema 
│ │ │ ├── Generate createOne route 
│ │ │ ├── Generate getOne route 
│ │ │ ├── Generate getAll route 
│ │ │ ├── Generate updateOne route 
│ │ │ └── Generate deleteOne route 
│ │ └─┬ rules 
│ │   └── Create Server Stub 
│ └─┬ UnnamedApp10 
│   ├── Create Server Stub 
│   ├─┬ router 
│   │ ├── Create Server Stub 
│   │ ├── Add Create Schema 
│   │ ├── Add Update Schema 
│   │ ├── Add Full Schema 
│   │ ├── Generate createOne route 
│   │ ├── Generate getOne route 
│   │ ├── Generate getAll route 
│   │ ├── Generate updateOne route 
│   │ └── Generate deleteOne route 
│   └─┬ rules 
│     └── Create Server Stub 
└─┬ _postHandler 
  ├── Remove Server Stub 
  ├── Create Fastify Server 
  ├── Attach Socket IO 
  ├── Register Fastify Plugins 
  ├── Add Request Context Plugin 
  ├── Set Request Context For Global Access 
  ├── Set SocketIO Context for global access 
  ├── Add middleware to authenticate outgoing packets 
  ├─┬ UnnamedApp1 
  │ ├── Remove Server Stub 
  │ ├─┬ router 
  │ │ └── Remove Server Stub 
  │ └─┬ rules 
  │   └── Remove Server Stub 
  ├─┬ UnnamedApp2 
  │ ├── Remove Server Stub 
  │ ├─┬ router 
  │ │ └── Remove Server Stub 
  │ └─┬ rules 
  │   └── Remove Server Stub 
  ├─┬ UnnamedApp3 
  │ ├── Remove Server Stub 
  │ ├─┬ router 
  │ │ └── Remove Server Stub 
  │ └─┬ rules 
  │   └── Remove Server Stub 
  ├─┬ UnnamedApp4 
  │ ├── Remove Server Stub 
  │ ├─┬ router 
  │ │ └── Remove Server Stub 
  │ └─┬ rules 
  │   └── Remove Server Stub 
  ├─┬ UnnamedApp5 
  │ ├── Remove Server Stub 
  │ ├─┬ router 
  │ │ └── Remove Server Stub 
  │ └─┬ rules 
  │   └── Remove Server Stub 
  ├─┬ UnnamedApp6 
  │ ├── Remove Server Stub 
  │ ├─┬ router 
  │ │ └── Remove Server Stub 
  │ └─┬ rules 
  │   └── Remove Server Stub 
  ├─┬ UnnamedApp7 
  │ ├── Remove Server Stub 
  │ ├─┬ router 
  │ │ └── Remove Server Stub 
  │ └─┬ rules 
  │   └── Remove Server Stub 
  ├─┬ UnnamedApp8 
  │ ├── Remove Server Stub 
  │ ├─┬ router 
  │ │ └── Remove Server Stub 
  │ └─┬ rules 
  │   └── Remove Server Stub 
  ├─┬ UnnamedApp9 
  │ ├── Remove Server Stub 
  │ ├─┬ router 
  │ │ └── Remove Server Stub 
  │ └─┬ rules 
  │   └── Remove Server Stub 
  └─┬ UnnamedApp10 
    ├── Remove Server Stub 
    ├─┬ router 
    │ └── Remove Server Stub 
    └─┬ rules 
      └── Remove Server Stub 
"
`;
